Component: ARM Compiler 5.06 update 7 (build 960) Tool: armlink [4d3601]

==============================================================================

Section Cross References

    main.o(i.GetResualtADC) refers to adc.o(i.SampleADC_0) for SampleADC_0
    main.o(i.GetResualtADC) refers to pll_driver.o(i.SysTick_Wait1ms) for SysTick_Wait1ms
    main.o(i.GetResualtADC) refers to uart.o(i.UART0Tx) for UART0Tx
    main.o(i.GetResualtADC) refers to main.o(.bss) for BufferMATLAB
    main.o(i.main) refers to pll_driver.o(i.InitPLL) for InitPLL
    main.o(i.main) refers to pll_driver.o(i.InitSysTick) for InitSysTick
    main.o(i.main) refers to gpio_driver.o(i.InitGPIOF) for InitGPIOF
    main.o(i.main) refers to adc.o(i.InitADC_0) for InitADC_0
    main.o(i.main) refers to uart.o(i.InitGPIOA_4_UART) for InitGPIOA_4_UART
    main.o(i.main) refers to uart.o(i.InitUART_0) for InitUART_0
    main.o(i.main) refers to pll_driver.o(i.SysTick_Wait1ms) for SysTick_Wait1ms
    main.o(i.main) refers to main.o(i.GetResualtADC) for GetResualtADC
    pll_driver.o(i.SysTick_Wait1ms) refers to pll_driver.o(i.SysTick_Wait) for SysTick_Wait
    uart.o(i.InitUART_0) refers to ffltui.o(.text) for __aeabi_ui2f
    uart.o(i.InitUART_0) refers to f2d.o(.text) for __aeabi_f2d
    uart.o(i.InitUART_0) refers to ddiv.o(.text) for __aeabi_ddiv
    uart.o(i.InitUART_0) refers to d2f.o(.text) for __aeabi_d2f
    uart.o(i.InitUART_0) refers to ffixi.o(.text) for __aeabi_f2iz
    uart.o(i.InitUART_0) refers to fflti.o(.text) for __aeabi_i2f
    uart.o(i.InitUART_0) refers to fadd.o(.text) for __aeabi_frsub
    uart.o(i.InitUART_0) refers to fmul.o(.text) for __aeabi_fmul
    uart.o(i.InitUART_0) refers to ffixui.o(.text) for __aeabi_f2uiz
    uart.o(i.InitUART_1) refers to ffltui.o(.text) for __aeabi_ui2f
    uart.o(i.InitUART_1) refers to fdiv.o(.text) for __aeabi_fdiv
    uart.o(i.InitUART_1) refers to ffixi.o(.text) for __aeabi_f2iz
    uart.o(i.InitUART_1) refers to fflti.o(.text) for __aeabi_i2f
    uart.o(i.InitUART_1) refers to fadd.o(.text) for __aeabi_frsub
    uart.o(i.InitUART_1) refers to fmul.o(.text) for __aeabi_fmul
    uart.o(i.InitUART_1) refers to ffixui.o(.text) for __aeabi_f2uiz
    uart.o(i.OutUDec) refers to uart.o(i.UART0Tx) for UART0Tx
    uart.o(i.OutUDec) refers to uart.o(.bss) for buffer
    startup_tm4c123.o(RESET) refers to startup_tm4c123.o(STACK) for __initial_sp
    startup_tm4c123.o(RESET) refers to startup_tm4c123.o(.text) for Reset_Handler
    startup_tm4c123.o(.text) refers to system_tm4c123.o(i.SystemInit) for SystemInit
    startup_tm4c123.o(.text) refers to entry.o(.ARM.Collect$$$$00000000) for __main
    system_tm4c123.o(i.SystemCoreClockUpdate) refers to system_tm4c123.o(i.getOscClk) for getOscClk
    system_tm4c123.o(i.SystemCoreClockUpdate) refers to system_tm4c123.o(.data) for SystemCoreClock
    entry.o(.ARM.Collect$$$$00000000) refers (Special) to entry10a.o(.ARM.Collect$$$$0000000F) for __rt_final_cpp
    entry.o(.ARM.Collect$$$$00000000) refers (Special) to entry11a.o(.ARM.Collect$$$$00000011) for __rt_final_exit
    entry.o(.ARM.Collect$$$$00000000) refers (Special) to entry12b.o(.ARM.Collect$$$$0000000E) for __rt_lib_shutdown_fini
    entry.o(.ARM.Collect$$$$00000000) refers (Special) to entry7b.o(.ARM.Collect$$$$00000008) for _main_clock
    entry.o(.ARM.Collect$$$$00000000) refers (Special) to entry8b.o(.ARM.Collect$$$$0000000A) for _main_cpp_init
    entry.o(.ARM.Collect$$$$00000000) refers (Special) to entry9a.o(.ARM.Collect$$$$0000000B) for _main_init
    entry.o(.ARM.Collect$$$$00000000) refers (Special) to entry5.o(.ARM.Collect$$$$00000004) for _main_scatterload
    entry.o(.ARM.Collect$$$$00000000) refers (Special) to entry2.o(.ARM.Collect$$$$00000001) for _main_stk
    fadd.o(.text) refers (Special) to iusefp.o(.text) for __I$use$fp
    fadd.o(.text) refers to fepilogue.o(.text) for _float_epilogue
    fmul.o(.text) refers (Special) to iusefp.o(.text) for __I$use$fp
    fdiv.o(.text) refers (Special) to iusefp.o(.text) for __I$use$fp
    fdiv.o(.text) refers to fepilogue.o(.text) for _float_round
    ddiv.o(.text) refers (Special) to iusefp.o(.text) for __I$use$fp
    ddiv.o(.text) refers to depilogue.o(.text) for _double_round
    fflti.o(.text) refers (Special) to iusefp.o(.text) for __I$use$fp
    fflti.o(.text) refers to fepilogue.o(.text) for _float_epilogue
    ffltui.o(.text) refers (Special) to iusefp.o(.text) for __I$use$fp
    ffltui.o(.text) refers to fepilogue.o(.text) for _float_epilogue
    ffixi.o(.text) refers (Special) to iusefp.o(.text) for __I$use$fp
    ffixui.o(.text) refers (Special) to iusefp.o(.text) for __I$use$fp
    f2d.o(.text) refers (Special) to iusefp.o(.text) for __I$use$fp
    d2f.o(.text) refers (Special) to iusefp.o(.text) for __I$use$fp
    d2f.o(.text) refers to fepilogue.o(.text) for _float_round
    entry2.o(.ARM.Collect$$$$00000001) refers to entry2.o(.ARM.Collect$$$$00002712) for __lit__00000000
    entry2.o(.ARM.Collect$$$$00002712) refers to startup_tm4c123.o(STACK) for __initial_sp
    entry2.o(__vectab_stack_and_reset_area) refers to startup_tm4c123.o(STACK) for __initial_sp
    entry2.o(__vectab_stack_and_reset_area) refers to entry.o(.ARM.Collect$$$$00000000) for __main
    entry5.o(.ARM.Collect$$$$00000004) refers to init.o(.text) for __scatterload
    entry9a.o(.ARM.Collect$$$$0000000B) refers to main.o(i.main) for main
    entry9b.o(.ARM.Collect$$$$0000000C) refers to main.o(i.main) for main
    depilogue.o(.text) refers to llshl.o(.text) for __aeabi_llsl
    depilogue.o(.text) refers to llushr.o(.text) for __aeabi_llsr
    init.o(.text) refers to entry5.o(.ARM.Collect$$$$00000004) for __main_after_scatterload


==============================================================================

Removing Unused input sections from the image.

    Removing main.o(.rev16_text), (4 bytes).
    Removing main.o(.revsh_text), (4 bytes).
    Removing main.o(.rrx_text), (6 bytes).
    Removing gpio_driver.o(.rev16_text), (4 bytes).
    Removing gpio_driver.o(.revsh_text), (4 bytes).
    Removing gpio_driver.o(.rrx_text), (6 bytes).
    Removing gpio_driver.o(i.ToggleGPIOF), (24 bytes).
    Removing pll_driver.o(.rev16_text), (4 bytes).
    Removing pll_driver.o(.revsh_text), (4 bytes).
    Removing pll_driver.o(.rrx_text), (6 bytes).
    Removing uart.o(.rev16_text), (4 bytes).
    Removing uart.o(.revsh_text), (4 bytes).
    Removing uart.o(.rrx_text), (6 bytes).
    Removing uart.o(i.InitGPIOB_4_UART), (80 bytes).
    Removing uart.o(i.InitGPIOF_4_UART), (112 bytes).
    Removing uart.o(i.InitUART_1), (172 bytes).
    Removing uart.o(i.OutUDec), (68 bytes).
    Removing uart.o(i.UART0Rx), (28 bytes).
    Removing uart.o(i.UART0RxNonBlocking), (28 bytes).
    Removing uart.o(i.UART0TxNonBlocking), (64 bytes).
    Removing uart.o(i.UART1Rx), (28 bytes).
    Removing uart.o(i.UART1RxNonBlocking), (28 bytes).
    Removing uart.o(i.UART1Tx), (28 bytes).
    Removing uart.o(i.UART1TxNonBlocking), (64 bytes).
    Removing uart.o(.bss), (11 bytes).
    Removing adc.o(.rev16_text), (4 bytes).
    Removing adc.o(.revsh_text), (4 bytes).
    Removing adc.o(.rrx_text), (6 bytes).
    Removing startup_tm4c123.o(HEAP), (0 bytes).
    Removing system_tm4c123.o(.rev16_text), (4 bytes).
    Removing system_tm4c123.o(.revsh_text), (4 bytes).
    Removing system_tm4c123.o(.rrx_text), (6 bytes).
    Removing system_tm4c123.o(i.SystemCoreClockUpdate), (196 bytes).
    Removing system_tm4c123.o(i.getOscClk), (244 bytes).
    Removing system_tm4c123.o(.data), (4 bytes).
    Removing fdiv.o(.text), (124 bytes).

36 unused section(s) (total 1387 bytes) removed from the image.

==============================================================================

Image Symbol Table

    Local Symbols

    Symbol Name                              Value     Ov Type        Size  Object(Section)

    RESET                                    0x00000000   Section      620  startup_tm4c123.o(RESET)
    ../clib/microlib/init/entry.s            0x00000000   Number         0  entry.o ABSOLUTE
    ../clib/microlib/init/entry.s            0x00000000   Number         0  entry8b.o ABSOLUTE
    ../clib/microlib/init/entry.s            0x00000000   Number         0  entry8a.o ABSOLUTE
    ../clib/microlib/init/entry.s            0x00000000   Number         0  entry7b.o ABSOLUTE
    ../clib/microlib/init/entry.s            0x00000000   Number         0  entry7a.o ABSOLUTE
    ../clib/microlib/init/entry.s            0x00000000   Number         0  entry5.o ABSOLUTE
    ../clib/microlib/init/entry.s            0x00000000   Number         0  entry2.o ABSOLUTE
    ../clib/microlib/init/entry.s            0x00000000   Number         0  entry12b.o ABSOLUTE
    ../clib/microlib/init/entry.s            0x00000000   Number         0  entry12a.o ABSOLUTE
    ../clib/microlib/init/entry.s            0x00000000   Number         0  entry11b.o ABSOLUTE
    ../clib/microlib/init/entry.s            0x00000000   Number         0  entry11a.o ABSOLUTE
    ../clib/microlib/init/entry.s            0x00000000   Number         0  entry10b.o ABSOLUTE
    ../clib/microlib/init/entry.s            0x00000000   Number         0  entry10a.o ABSOLUTE
    ../clib/microlib/init/entry.s            0x00000000   Number         0  entry9b.o ABSOLUTE
    ../clib/microlib/init/entry.s            0x00000000   Number         0  entry9a.o ABSOLUTE
    ../clib/microlib/longlong.c              0x00000000   Number         0  llushr.o ABSOLUTE
    ../clib/microlib/longlong.c              0x00000000   Number         0  llshl.o ABSOLUTE
    ../clib/microlib/stubs.s                 0x00000000   Number         0  iusefp.o ABSOLUTE
    ../fplib/microlib/d2f.c                  0x00000000   Number         0  d2f.o ABSOLUTE
    ../fplib/microlib/f2d.c                  0x00000000   Number         0  f2d.o ABSOLUTE
    ../fplib/microlib/fpadd.c                0x00000000   Number         0  fadd.o ABSOLUTE
    ../fplib/microlib/fpdiv.c                0x00000000   Number         0  fdiv.o ABSOLUTE
    ../fplib/microlib/fpdiv.c                0x00000000   Number         0  ddiv.o ABSOLUTE
    ../fplib/microlib/fpepilogue.c           0x00000000   Number         0  depilogue.o ABSOLUTE
    ../fplib/microlib/fpepilogue.c           0x00000000   Number         0  fepilogue.o ABSOLUTE
    ../fplib/microlib/fpfix.c                0x00000000   Number         0  ffixui.o ABSOLUTE
    ../fplib/microlib/fpfix.c                0x00000000   Number         0  ffixi.o ABSOLUTE
    ../fplib/microlib/fpflt.c                0x00000000   Number         0  fflti.o ABSOLUTE
    ../fplib/microlib/fpflt.c                0x00000000   Number         0  ffltui.o ABSOLUTE
    ../fplib/microlib/fpmul.c                0x00000000   Number         0  fmul.o ABSOLUTE
    ADC.c                                    0x00000000   Number         0  adc.o ABSOLUTE
    ADC.c                                    0x00000000   Number         0  adc.o ABSOLUTE
    GPIO_Driver.c                            0x00000000   Number         0  gpio_driver.o ABSOLUTE
    GPIO_Driver.c                            0x00000000   Number         0  gpio_driver.o ABSOLUTE
    PLL_Driver.c                             0x00000000   Number         0  pll_driver.o ABSOLUTE
    PLL_Driver.c                             0x00000000   Number         0  pll_driver.o ABSOLUTE
    RTE\Device\TM4C123GH6PM\startup_TM4C123.s 0x00000000   Number         0  startup_tm4c123.o ABSOLUTE
    RTE\Device\TM4C123GH6PM\system_TM4C123.c 0x00000000   Number         0  system_tm4c123.o ABSOLUTE
    RTE\\Device\\TM4C123GH6PM\\system_TM4C123.c 0x00000000   Number         0  system_tm4c123.o ABSOLUTE
    UART.c                                   0x00000000   Number         0  uart.o ABSOLUTE
    UART.c                                   0x00000000   Number         0  uart.o ABSOLUTE
    dc.s                                     0x00000000   Number         0  dc.o ABSOLUTE
    handlers.s                               0x00000000   Number         0  handlers.o ABSOLUTE
    init.s                                   0x00000000   Number         0  init.o ABSOLUTE
    main.c                                   0x00000000   Number         0  main.o ABSOLUTE
    main.c                                   0x00000000   Number         0  main.o ABSOLUTE
    .ARM.Collect$$$$00000000                 0x0000026c   Section        0  entry.o(.ARM.Collect$$$$00000000)
    .ARM.Collect$$$$00000001                 0x0000026c   Section        4  entry2.o(.ARM.Collect$$$$00000001)
    .ARM.Collect$$$$00000004                 0x00000270   Section        4  entry5.o(.ARM.Collect$$$$00000004)
    .ARM.Collect$$$$00000008                 0x00000274   Section        0  entry7b.o(.ARM.Collect$$$$00000008)
    .ARM.Collect$$$$0000000A                 0x00000274   Section        0  entry8b.o(.ARM.Collect$$$$0000000A)
    .ARM.Collect$$$$0000000B                 0x00000274   Section        8  entry9a.o(.ARM.Collect$$$$0000000B)
    .ARM.Collect$$$$0000000E                 0x0000027c   Section        4  entry12b.o(.ARM.Collect$$$$0000000E)
    .ARM.Collect$$$$0000000F                 0x00000280   Section        0  entry10a.o(.ARM.Collect$$$$0000000F)
    .ARM.Collect$$$$00000011                 0x00000280   Section        0  entry11a.o(.ARM.Collect$$$$00000011)
    .ARM.Collect$$$$00002712                 0x00000280   Section        4  entry2.o(.ARM.Collect$$$$00002712)
    __lit__00000000                          0x00000280   Data           4  entry2.o(.ARM.Collect$$$$00002712)
    .text                                    0x00000284   Section      252  startup_tm4c123.o(.text)
    .text                                    0x00000380   Section        0  fadd.o(.text)
    .text                                    0x00000430   Section        0  fmul.o(.text)
    .text                                    0x00000494   Section        0  ddiv.o(.text)
    .text                                    0x00000572   Section        0  fflti.o(.text)
    .text                                    0x00000584   Section        0  ffltui.o(.text)
    .text                                    0x0000058e   Section        0  ffixi.o(.text)
    .text                                    0x000005c0   Section        0  ffixui.o(.text)
    .text                                    0x000005e8   Section        0  f2d.o(.text)
    .text                                    0x0000060e   Section        0  d2f.o(.text)
    .text                                    0x00000646   Section        0  fepilogue.o(.text)
    .text                                    0x00000646   Section        0  iusefp.o(.text)
    .text                                    0x000006b4   Section        0  depilogue.o(.text)
    .text                                    0x00000770   Section       36  init.o(.text)
    .text                                    0x00000794   Section        0  llshl.o(.text)
    .text                                    0x000007b2   Section        0  llushr.o(.text)
    i.GetResualtADC                          0x000007d4   Section        0  main.o(i.GetResualtADC)
    i.InitADC_0                              0x00000830   Section        0  adc.o(i.InitADC_0)
    i.InitGPIOA_4_UART                       0x000008e0   Section        0  uart.o(i.InitGPIOA_4_UART)
    i.InitGPIOF                              0x00000930   Section        0  gpio_driver.o(i.InitGPIOF)
    i.InitPLL                                0x00000970   Section        0  pll_driver.o(i.InitPLL)
    i.InitSysTick                            0x000009c8   Section        0  pll_driver.o(i.InitSysTick)
    i.InitUART_0                             0x000009dc   Section        0  uart.o(i.InitUART_0)
    i.SampleADC_0                            0x00000a9c   Section        0  adc.o(i.SampleADC_0)
    i.SysTick_Wait                           0x00000ac4   Section        0  pll_driver.o(i.SysTick_Wait)
    i.SysTick_Wait1ms                        0x00000ae4   Section        0  pll_driver.o(i.SysTick_Wait1ms)
    i.SystemInit                             0x00000b00   Section        0  system_tm4c123.o(i.SystemInit)
    i.UART0Tx                                0x00000b88   Section        0  uart.o(i.UART0Tx)
    i.__scatterload_copy                     0x00000ba0   Section       14  handlers.o(i.__scatterload_copy)
    i.__scatterload_null                     0x00000bae   Section        2  handlers.o(i.__scatterload_null)
    i.__scatterload_zeroinit                 0x00000bb0   Section       14  handlers.o(i.__scatterload_zeroinit)
    i.main                                   0x00000bc0   Section        0  main.o(i.main)
    .bss                                     0x20000000   Section     4096  main.o(.bss)
    STACK                                    0x20001000   Section      512  startup_tm4c123.o(STACK)

    Global Symbols

    Symbol Name                              Value     Ov Type        Size  Object(Section)

    BuildAttributes$$THM_ISAv4$E$P$D$K$B$S$7EM$PE$A:L22UL41UL21$X:L11$S22US41US21$IEEE1$IW$USESV6$~STKCKD$USESV7$~SHL$OTIME$ROPI$EBA8$MICROLIB$REQ8$PRES8$EABIv2 0x00000000   Number         0  anon$$obj.o ABSOLUTE
    __ARM_use_no_argv                        0x00000000   Number         0  main.o ABSOLUTE
    __Vectors                                0x00000000   Data           4  startup_tm4c123.o(RESET)
    __arm_fini_                               - Undefined Weak Reference
    __cpp_initialize__aeabi_                  - Undefined Weak Reference
    __cxa_finalize                            - Undefined Weak Reference
    __decompress                              - Undefined Weak Reference
    _clock_init                               - Undefined Weak Reference
    _microlib_exit                            - Undefined Weak Reference
    __Vectors_End                            0x0000026c   Data           0  startup_tm4c123.o(RESET)
    __Vectors_Size                           0x0000026c   Number         0  startup_tm4c123.o ABSOLUTE
    __main                                   0x0000026d   Thumb Code     0  entry.o(.ARM.Collect$$$$00000000)
    _main_stk                                0x0000026d   Thumb Code     0  entry2.o(.ARM.Collect$$$$00000001)
    _main_scatterload                        0x00000271   Thumb Code     0  entry5.o(.ARM.Collect$$$$00000004)
    __main_after_scatterload                 0x00000275   Thumb Code     0  entry5.o(.ARM.Collect$$$$00000004)
    _main_clock                              0x00000275   Thumb Code     0  entry7b.o(.ARM.Collect$$$$00000008)
    _main_cpp_init                           0x00000275   Thumb Code     0  entry8b.o(.ARM.Collect$$$$0000000A)
    _main_init                               0x00000275   Thumb Code     0  entry9a.o(.ARM.Collect$$$$0000000B)
    __rt_lib_shutdown_fini                   0x0000027d   Thumb Code     0  entry12b.o(.ARM.Collect$$$$0000000E)
    __rt_final_cpp                           0x00000281   Thumb Code     0  entry10a.o(.ARM.Collect$$$$0000000F)
    __rt_final_exit                          0x00000281   Thumb Code     0  entry11a.o(.ARM.Collect$$$$00000011)
    Reset_Handler                            0x00000285   Thumb Code     8  startup_tm4c123.o(.text)
    NMI_Handler                              0x0000028d   Thumb Code     2  startup_tm4c123.o(.text)
    HardFault_Handler                        0x0000028f   Thumb Code     2  startup_tm4c123.o(.text)
    MemManage_Handler                        0x00000291   Thumb Code     2  startup_tm4c123.o(.text)
    BusFault_Handler                         0x00000293   Thumb Code     2  startup_tm4c123.o(.text)
    UsageFault_Handler                       0x00000295   Thumb Code     2  startup_tm4c123.o(.text)
    SVC_Handler                              0x00000297   Thumb Code     2  startup_tm4c123.o(.text)
    DebugMon_Handler                         0x00000299   Thumb Code     2  startup_tm4c123.o(.text)
    PendSV_Handler                           0x0000029b   Thumb Code     2  startup_tm4c123.o(.text)
    SysTick_Handler                          0x0000029d   Thumb Code     2  startup_tm4c123.o(.text)
    GPIOA_Handler                            0x0000029f   Thumb Code     2  startup_tm4c123.o(.text)
    GPIOB_Handler                            0x000002a1   Thumb Code     2  startup_tm4c123.o(.text)
    GPIOC_Handler                            0x000002a3   Thumb Code     2  startup_tm4c123.o(.text)
    GPIOD_Handler                            0x000002a5   Thumb Code     2  startup_tm4c123.o(.text)
    GPIOE_Handler                            0x000002a7   Thumb Code     2  startup_tm4c123.o(.text)
    UART0_Handler                            0x000002a9   Thumb Code     2  startup_tm4c123.o(.text)
    UART1_Handler                            0x000002ab   Thumb Code     2  startup_tm4c123.o(.text)
    SSI0_Handler                             0x000002ad   Thumb Code     2  startup_tm4c123.o(.text)
    I2C0_Handler                             0x000002af   Thumb Code     2  startup_tm4c123.o(.text)
    PMW0_FAULT_Handler                       0x000002b1   Thumb Code     2  startup_tm4c123.o(.text)
    PWM0_0_Handler                           0x000002b3   Thumb Code     2  startup_tm4c123.o(.text)
    PWM0_1_Handler                           0x000002b5   Thumb Code     2  startup_tm4c123.o(.text)
    PWM0_2_Handler                           0x000002b7   Thumb Code     2  startup_tm4c123.o(.text)
    QEI0_Handler                             0x000002b9   Thumb Code     2  startup_tm4c123.o(.text)
    ADC0SS0_Handler                          0x000002bb   Thumb Code     2  startup_tm4c123.o(.text)
    ADC0SS1_Handler                          0x000002bd   Thumb Code     2  startup_tm4c123.o(.text)
    ADC0SS2_Handler                          0x000002bf   Thumb Code     2  startup_tm4c123.o(.text)
    ADC0SS3_Handler                          0x000002c1   Thumb Code     2  startup_tm4c123.o(.text)
    WDT0_Handler                             0x000002c3   Thumb Code     2  startup_tm4c123.o(.text)
    TIMER0A_Handler                          0x000002c5   Thumb Code     2  startup_tm4c123.o(.text)
    TIMER0B_Handler                          0x000002c7   Thumb Code     2  startup_tm4c123.o(.text)
    TIMER1A_Handler                          0x000002c9   Thumb Code     2  startup_tm4c123.o(.text)
    TIMER1B_Handler                          0x000002cb   Thumb Code     2  startup_tm4c123.o(.text)
    TIMER2A_Handler                          0x000002cd   Thumb Code     2  startup_tm4c123.o(.text)
    TIMER2B_Handler                          0x000002cf   Thumb Code     2  startup_tm4c123.o(.text)
    COMP0_Handler                            0x000002d1   Thumb Code     2  startup_tm4c123.o(.text)
    COMP1_Handler                            0x000002d3   Thumb Code     2  startup_tm4c123.o(.text)
    COMP2_Handler                            0x000002d5   Thumb Code     2  startup_tm4c123.o(.text)
    SYSCTL_Handler                           0x000002d7   Thumb Code     2  startup_tm4c123.o(.text)
    FLASH_Handler                            0x000002d9   Thumb Code     2  startup_tm4c123.o(.text)
    GPIOF_Handler                            0x000002db   Thumb Code     2  startup_tm4c123.o(.text)
    GPIOG_Handler                            0x000002dd   Thumb Code     2  startup_tm4c123.o(.text)
    GPIOH_Handler                            0x000002df   Thumb Code     2  startup_tm4c123.o(.text)
    UART2_Handler                            0x000002e1   Thumb Code     2  startup_tm4c123.o(.text)
    SSI1_Handler                             0x000002e3   Thumb Code     2  startup_tm4c123.o(.text)
    TIMER3A_Handler                          0x000002e5   Thumb Code     2  startup_tm4c123.o(.text)
    TIMER3B_Handler                          0x000002e7   Thumb Code     2  startup_tm4c123.o(.text)
    I2C1_Handler                             0x000002e9   Thumb Code     2  startup_tm4c123.o(.text)
    QEI1_Handler                             0x000002eb   Thumb Code     2  startup_tm4c123.o(.text)
    CAN0_Handler                             0x000002ed   Thumb Code     2  startup_tm4c123.o(.text)
    CAN1_Handler                             0x000002ef   Thumb Code     2  startup_tm4c123.o(.text)
    CAN2_Handler                             0x000002f1   Thumb Code     2  startup_tm4c123.o(.text)
    HIB_Handler                              0x000002f3   Thumb Code     2  startup_tm4c123.o(.text)
    USB0_Handler                             0x000002f5   Thumb Code     2  startup_tm4c123.o(.text)
    PWM0_3_Handler                           0x000002f7   Thumb Code     2  startup_tm4c123.o(.text)
    UDMA_Handler                             0x000002f9   Thumb Code     2  startup_tm4c123.o(.text)
    UDMAERR_Handler                          0x000002fb   Thumb Code     2  startup_tm4c123.o(.text)
    ADC1SS0_Handler                          0x000002fd   Thumb Code     2  startup_tm4c123.o(.text)
    ADC1SS1_Handler                          0x000002ff   Thumb Code     2  startup_tm4c123.o(.text)
    ADC1SS2_Handler                          0x00000301   Thumb Code     2  startup_tm4c123.o(.text)
    ADC1SS3_Handler                          0x00000303   Thumb Code     2  startup_tm4c123.o(.text)
    GPIOJ_Handler                            0x00000305   Thumb Code     2  startup_tm4c123.o(.text)
    GPIOK_Handler                            0x00000307   Thumb Code     2  startup_tm4c123.o(.text)
    GPIOL_Handler                            0x00000309   Thumb Code     2  startup_tm4c123.o(.text)
    SSI2_Handler                             0x0000030b   Thumb Code     2  startup_tm4c123.o(.text)
    SSI3_Handler                             0x0000030d   Thumb Code     2  startup_tm4c123.o(.text)
    UART3_Handler                            0x0000030f   Thumb Code     2  startup_tm4c123.o(.text)
    UART4_Handler                            0x00000311   Thumb Code     2  startup_tm4c123.o(.text)
    UART5_Handler                            0x00000313   Thumb Code     2  startup_tm4c123.o(.text)
    UART6_Handler                            0x00000315   Thumb Code     2  startup_tm4c123.o(.text)
    UART7_Handler                            0x00000317   Thumb Code     2  startup_tm4c123.o(.text)
    I2C2_Handler                             0x00000319   Thumb Code     2  startup_tm4c123.o(.text)
    I2C3_Handler                             0x0000031b   Thumb Code     2  startup_tm4c123.o(.text)
    TIMER4A_Handler                          0x0000031d   Thumb Code     2  startup_tm4c123.o(.text)
    TIMER4B_Handler                          0x0000031f   Thumb Code     2  startup_tm4c123.o(.text)
    TIMER5A_Handler                          0x00000321   Thumb Code     2  startup_tm4c123.o(.text)
    TIMER5B_Handler                          0x00000323   Thumb Code     2  startup_tm4c123.o(.text)
    WTIMER0A_Handler                         0x00000325   Thumb Code     2  startup_tm4c123.o(.text)
    WTIMER0B_Handler                         0x00000327   Thumb Code     2  startup_tm4c123.o(.text)
    WTIMER1A_Handler                         0x00000329   Thumb Code     2  startup_tm4c123.o(.text)
    WTIMER1B_Handler                         0x0000032b   Thumb Code     2  startup_tm4c123.o(.text)
    WTIMER2A_Handler                         0x0000032d   Thumb Code     2  startup_tm4c123.o(.text)
    WTIMER2B_Handler                         0x0000032f   Thumb Code     2  startup_tm4c123.o(.text)
    WTIMER3A_Handler                         0x00000331   Thumb Code     2  startup_tm4c123.o(.text)
    WTIMER3B_Handler                         0x00000333   Thumb Code     2  startup_tm4c123.o(.text)
    WTIMER4A_Handler                         0x00000335   Thumb Code     2  startup_tm4c123.o(.text)
    WTIMER4B_Handler                         0x00000337   Thumb Code     2  startup_tm4c123.o(.text)
    WTIMER5A_Handler                         0x00000339   Thumb Code     2  startup_tm4c123.o(.text)
    WTIMER5B_Handler                         0x0000033b   Thumb Code     2  startup_tm4c123.o(.text)
    FPU_Handler                              0x0000033d   Thumb Code     2  startup_tm4c123.o(.text)
    I2C4_Handler                             0x0000033f   Thumb Code     2  startup_tm4c123.o(.text)
    I2C5_Handler                             0x00000341   Thumb Code     2  startup_tm4c123.o(.text)
    GPIOM_Handler                            0x00000343   Thumb Code     2  startup_tm4c123.o(.text)
    GPION_Handler                            0x00000345   Thumb Code     2  startup_tm4c123.o(.text)
    QEI2_Handler                             0x00000347   Thumb Code     2  startup_tm4c123.o(.text)
    GPIOP0_Handler                           0x00000349   Thumb Code     2  startup_tm4c123.o(.text)
    GPIOP1_Handler                           0x0000034b   Thumb Code     2  startup_tm4c123.o(.text)
    GPIOP2_Handler                           0x0000034d   Thumb Code     2  startup_tm4c123.o(.text)
    GPIOP3_Handler                           0x0000034f   Thumb Code     2  startup_tm4c123.o(.text)
    GPIOP4_Handler                           0x00000351   Thumb Code     2  startup_tm4c123.o(.text)
    GPIOP5_Handler                           0x00000353   Thumb Code     2  startup_tm4c123.o(.text)
    GPIOP6_Handler                           0x00000355   Thumb Code     2  startup_tm4c123.o(.text)
    GPIOP7_Handler                           0x00000357   Thumb Code     2  startup_tm4c123.o(.text)
    GPIOQ0_Handler                           0x00000359   Thumb Code     2  startup_tm4c123.o(.text)
    GPIOQ1_Handler                           0x0000035b   Thumb Code     2  startup_tm4c123.o(.text)
    GPIOQ2_Handler                           0x0000035d   Thumb Code     2  startup_tm4c123.o(.text)
    GPIOQ3_Handler                           0x0000035f   Thumb Code     2  startup_tm4c123.o(.text)
    GPIOQ4_Handler                           0x00000361   Thumb Code     2  startup_tm4c123.o(.text)
    GPIOQ5_Handler                           0x00000363   Thumb Code     2  startup_tm4c123.o(.text)
    GPIOQ6_Handler                           0x00000365   Thumb Code     2  startup_tm4c123.o(.text)
    GPIOQ7_Handler                           0x00000367   Thumb Code     2  startup_tm4c123.o(.text)
    GPIOR_Handler                            0x00000369   Thumb Code     2  startup_tm4c123.o(.text)
    GPIOS_Handler                            0x0000036b   Thumb Code     2  startup_tm4c123.o(.text)
    PMW1_0_Handler                           0x0000036d   Thumb Code     2  startup_tm4c123.o(.text)
    PWM1_1_Handler                           0x0000036f   Thumb Code     2  startup_tm4c123.o(.text)
    PWM1_2_Handler                           0x00000371   Thumb Code     2  startup_tm4c123.o(.text)
    PWM1_3_Handler                           0x00000373   Thumb Code     2  startup_tm4c123.o(.text)
    PWM1_FAULT_Handler                       0x00000375   Thumb Code     2  startup_tm4c123.o(.text)
    __aeabi_fadd                             0x00000381   Thumb Code   164  fadd.o(.text)
    __aeabi_fsub                             0x00000425   Thumb Code     6  fadd.o(.text)
    __aeabi_frsub                            0x0000042b   Thumb Code     6  fadd.o(.text)
    __aeabi_fmul                             0x00000431   Thumb Code   100  fmul.o(.text)
    __aeabi_ddiv                             0x00000495   Thumb Code   222  ddiv.o(.text)
    __aeabi_i2f                              0x00000573   Thumb Code    18  fflti.o(.text)
    __aeabi_ui2f                             0x00000585   Thumb Code    10  ffltui.o(.text)
    __aeabi_f2iz                             0x0000058f   Thumb Code    50  ffixi.o(.text)
    __aeabi_f2uiz                            0x000005c1   Thumb Code    40  ffixui.o(.text)
    __aeabi_f2d                              0x000005e9   Thumb Code    38  f2d.o(.text)
    __aeabi_d2f                              0x0000060f   Thumb Code    56  d2f.o(.text)
    __I$use$fp                               0x00000647   Thumb Code     0  iusefp.o(.text)
    _float_round                             0x00000647   Thumb Code    18  fepilogue.o(.text)
    _float_epilogue                          0x00000659   Thumb Code    92  fepilogue.o(.text)
    _double_round                            0x000006b5   Thumb Code    30  depilogue.o(.text)
    _double_epilogue                         0x000006d3   Thumb Code   156  depilogue.o(.text)
    __scatterload                            0x00000771   Thumb Code    28  init.o(.text)
    __scatterload_rt2                        0x00000771   Thumb Code     0  init.o(.text)
    __aeabi_llsl                             0x00000795   Thumb Code    30  llshl.o(.text)
    _ll_shift_l                              0x00000795   Thumb Code     0  llshl.o(.text)
    __aeabi_llsr                             0x000007b3   Thumb Code    32  llushr.o(.text)
    _ll_ushift_r                             0x000007b3   Thumb Code     0  llushr.o(.text)
    GetResualtADC                            0x000007d5   Thumb Code    84  main.o(i.GetResualtADC)
    InitADC_0                                0x00000831   Thumb Code   158  adc.o(i.InitADC_0)
    InitGPIOA_4_UART                         0x000008e1   Thumb Code    72  uart.o(i.InitGPIOA_4_UART)
    InitGPIOF                                0x00000931   Thumb Code    52  gpio_driver.o(i.InitGPIOF)
    InitPLL                                  0x00000971   Thumb Code    82  pll_driver.o(i.InitPLL)
    InitSysTick                              0x000009c9   Thumb Code    20  pll_driver.o(i.InitSysTick)
    InitUART_0                               0x000009dd   Thumb Code   174  uart.o(i.InitUART_0)
    SampleADC_0                              0x00000a9d   Thumb Code    36  adc.o(i.SampleADC_0)
    SysTick_Wait                             0x00000ac5   Thumb Code    30  pll_driver.o(i.SysTick_Wait)
    SysTick_Wait1ms                          0x00000ae5   Thumb Code    22  pll_driver.o(i.SysTick_Wait1ms)
    SystemInit                               0x00000b01   Thumb Code   100  system_tm4c123.o(i.SystemInit)
    UART0Tx                                  0x00000b89   Thumb Code    20  uart.o(i.UART0Tx)
    __scatterload_copy                       0x00000ba1   Thumb Code    14  handlers.o(i.__scatterload_copy)
    __scatterload_null                       0x00000baf   Thumb Code     2  handlers.o(i.__scatterload_null)
    __scatterload_zeroinit                   0x00000bb1   Thumb Code    14  handlers.o(i.__scatterload_zeroinit)
    main                                     0x00000bc1   Thumb Code    72  main.o(i.main)
    Region$$Table$$Base                      0x00000c10   Number         0  anon$$obj.o(Region$$Table)
    Region$$Table$$Limit                     0x00000c20   Number         0  anon$$obj.o(Region$$Table)
    BufferMATLAB                             0x20000000   Data        4096  main.o(.bss)
    __initial_sp                             0x20001200   Data           0  startup_tm4c123.o(STACK)



==============================================================================

Memory Map of the image

  Image Entry point : 0x00000285

  Load Region LR_1 (Base: 0x00000000, Size: 0x00000c20, Max: 0xffffffff, ABSOLUTE)

    Execution Region ER_RO (Exec base: 0x00000000, Load base: 0x00000000, Size: 0x00000c20, Max: 0xffffffff, ABSOLUTE)

    Exec Addr    Load Addr    Size         Type   Attr      Idx    E Section Name        Object

    0x00000000   0x00000000   0x0000026c   Data   RO          288    RESET               startup_tm4c123.o
    0x0000026c   0x0000026c   0x00000000   Code   RO          334  * .ARM.Collect$$$$00000000  mc_w.l(entry.o)
    0x0000026c   0x0000026c   0x00000004   Code   RO          357    .ARM.Collect$$$$00000001  mc_w.l(entry2.o)
    0x00000270   0x00000270   0x00000004   Code   RO          360    .ARM.Collect$$$$00000004  mc_w.l(entry5.o)
    0x00000274   0x00000274   0x00000000   Code   RO          362    .ARM.Collect$$$$00000008  mc_w.l(entry7b.o)
    0x00000274   0x00000274   0x00000000   Code   RO          364    .ARM.Collect$$$$0000000A  mc_w.l(entry8b.o)
    0x00000274   0x00000274   0x00000008   Code   RO          365    .ARM.Collect$$$$0000000B  mc_w.l(entry9a.o)
    0x0000027c   0x0000027c   0x00000004   Code   RO          372    .ARM.Collect$$$$0000000E  mc_w.l(entry12b.o)
    0x00000280   0x00000280   0x00000000   Code   RO          367    .ARM.Collect$$$$0000000F  mc_w.l(entry10a.o)
    0x00000280   0x00000280   0x00000000   Code   RO          369    .ARM.Collect$$$$00000011  mc_w.l(entry11a.o)
    0x00000280   0x00000280   0x00000004   Code   RO          358    .ARM.Collect$$$$00002712  mc_w.l(entry2.o)
    0x00000284   0x00000284   0x000000fc   Code   RO          289  * .text               startup_tm4c123.o
    0x00000380   0x00000380   0x000000b0   Code   RO          337    .text               mf_w.l(fadd.o)
    0x00000430   0x00000430   0x00000064   Code   RO          339    .text               mf_w.l(fmul.o)
    0x00000494   0x00000494   0x000000de   Code   RO          343    .text               mf_w.l(ddiv.o)
    0x00000572   0x00000572   0x00000012   Code   RO          345    .text               mf_w.l(fflti.o)
    0x00000584   0x00000584   0x0000000a   Code   RO          347    .text               mf_w.l(ffltui.o)
    0x0000058e   0x0000058e   0x00000032   Code   RO          349    .text               mf_w.l(ffixi.o)
    0x000005c0   0x000005c0   0x00000028   Code   RO          351    .text               mf_w.l(ffixui.o)
    0x000005e8   0x000005e8   0x00000026   Code   RO          353    .text               mf_w.l(f2d.o)
    0x0000060e   0x0000060e   0x00000038   Code   RO          355    .text               mf_w.l(d2f.o)
    0x00000646   0x00000646   0x00000000   Code   RO          373    .text               mc_w.l(iusefp.o)
    0x00000646   0x00000646   0x0000006e   Code   RO          374    .text               mf_w.l(fepilogue.o)
    0x000006b4   0x000006b4   0x000000ba   Code   RO          376    .text               mf_w.l(depilogue.o)
    0x0000076e   0x0000076e   0x00000002   PAD
    0x00000770   0x00000770   0x00000024   Code   RO          378    .text               mc_w.l(init.o)
    0x00000794   0x00000794   0x0000001e   Code   RO          380    .text               mc_w.l(llshl.o)
    0x000007b2   0x000007b2   0x00000020   Code   RO          382    .text               mc_w.l(llushr.o)
    0x000007d2   0x000007d2   0x00000002   PAD
    0x000007d4   0x000007d4   0x0000005c   Code   RO            4    i.GetResualtADC     main.o
    0x00000830   0x00000830   0x000000b0   Code   RO          259    i.InitADC_0         adc.o
    0x000008e0   0x000008e0   0x00000050   Code   RO          156    i.InitGPIOA_4_UART  uart.o
    0x00000930   0x00000930   0x00000040   Code   RO           84    i.InitGPIOF         gpio_driver.o
    0x00000970   0x00000970   0x00000058   Code   RO          114    i.InitPLL           pll_driver.o
    0x000009c8   0x000009c8   0x00000014   Code   RO          115    i.InitSysTick       pll_driver.o
    0x000009dc   0x000009dc   0x000000c0   Code   RO          159    i.InitUART_0        uart.o
    0x00000a9c   0x00000a9c   0x00000028   Code   RO          260    i.SampleADC_0       adc.o
    0x00000ac4   0x00000ac4   0x0000001e   Code   RO          116    i.SysTick_Wait      pll_driver.o
    0x00000ae2   0x00000ae2   0x00000002   PAD
    0x00000ae4   0x00000ae4   0x0000001c   Code   RO          117    i.SysTick_Wait1ms   pll_driver.o
    0x00000b00   0x00000b00   0x00000088   Code   RO          297    i.SystemInit        system_tm4c123.o
    0x00000b88   0x00000b88   0x00000018   Code   RO          164    i.UART0Tx           uart.o
    0x00000ba0   0x00000ba0   0x0000000e   Code   RO          386    i.__scatterload_copy  mc_w.l(handlers.o)
    0x00000bae   0x00000bae   0x00000002   Code   RO          387    i.__scatterload_null  mc_w.l(handlers.o)
    0x00000bb0   0x00000bb0   0x0000000e   Code   RO          388    i.__scatterload_zeroinit  mc_w.l(handlers.o)
    0x00000bbe   0x00000bbe   0x00000002   PAD
    0x00000bc0   0x00000bc0   0x00000050   Code   RO            5    i.main              main.o
    0x00000c10   0x00000c10   0x00000010   Data   RO          384    Region$$Table       anon$$obj.o


    Execution Region ER_RW (Exec base: 0x20000000, Load base: 0x00000c20, Size: 0x00000000, Max: 0xffffffff, ABSOLUTE)

    **** No section assigned to this execution region ****


    Execution Region ER_ZI (Exec base: 0x20000000, Load base: 0x00000c20, Size: 0x00001200, Max: 0xffffffff, ABSOLUTE)

    Exec Addr    Load Addr    Size         Type   Attr      Idx    E Section Name        Object

    0x20000000        -       0x00001000   Zero   RW            6    .bss                main.o
    0x20001000        -       0x00000200   Zero   RW          286    STACK               startup_tm4c123.o


==============================================================================

Image component sizes


      Code (inc. data)   RO Data    RW Data    ZI Data      Debug   Object Name

       216         22          0          0          0        942   adc.o
        64         12          0          0          0        448   gpio_driver.o
       172         16          0          0       4096       6310   main.o
       166         12          0          0          0       1925   pll_driver.o
       252         10        620          0        512       5432   startup_tm4c123.o
       136         36          0          0          0        593   system_tm4c123.o
       296         30          0          0          0       1534   uart.o

    ----------------------------------------------------------------------
      1304        138        636          0       4608      17184   Object Totals
         0          0         16          0          0          0   (incl. Generated)
         2          0          0          0          0          0   (incl. Padding)

    ----------------------------------------------------------------------

      Code (inc. data)   RO Data    RW Data    ZI Data      Debug   Library Member Name

         0          0          0          0          0          0   entry.o
         0          0          0          0          0          0   entry10a.o
         0          0          0          0          0          0   entry11a.o
         4          0          0          0          0          0   entry12b.o
         8          4          0          0          0          0   entry2.o
         4          0          0          0          0          0   entry5.o
         0          0          0          0          0          0   entry7b.o
         0          0          0          0          0          0   entry8b.o
         8          4          0          0          0          0   entry9a.o
        30          0          0          0          0          0   handlers.o
        36          8          0          0          0         68   init.o
         0          0          0          0          0          0   iusefp.o
        30          0          0          0          0         68   llshl.o
        32          0          0          0          0         68   llushr.o
        56          0          0          0          0         88   d2f.o
       222          0          0          0          0        100   ddiv.o
       186          0          0          0          0        176   depilogue.o
        38          0          0          0          0         68   f2d.o
       176          0          0          0          0        140   fadd.o
       110          0          0          0          0        168   fepilogue.o
        50          0          0          0          0         68   ffixi.o
        40          0          0          0          0         68   ffixui.o
        18          0          0          0          0         68   fflti.o
        10          0          0          0          0         68   ffltui.o
       100          0          0          0          0         76   fmul.o

    ----------------------------------------------------------------------
      1164         16          0          0          0       1292   Library Totals
         6          0          0          0          0          0   (incl. Padding)

    ----------------------------------------------------------------------

      Code (inc. data)   RO Data    RW Data    ZI Data      Debug   Library Name

       152         16          0          0          0        204   mc_w.l
      1006          0          0          0          0       1088   mf_w.l

    ----------------------------------------------------------------------
      1164         16          0          0          0       1292   Library Totals

    ----------------------------------------------------------------------

==============================================================================


      Code (inc. data)   RO Data    RW Data    ZI Data      Debug   

      2468        154        636          0       4608      17484   Grand Totals
      2468        154        636          0       4608      17484   ELF Image Totals
      2468        154        636          0          0          0   ROM Totals

==============================================================================

    Total RO  Size (Code + RO Data)                 3104 (   3.03kB)
    Total RW  Size (RW Data + ZI Data)              4608 (   4.50kB)
    Total ROM Size (Code + RO Data + RW Data)       3104 (   3.03kB)

==============================================================================

